src/main.ts(4,20): error TS2307: Cannot find module 'helmet' or its corresponding type declarations.
src/main.ts(5,30): error TS2307: Cannot find module 'compression' or its corresponding type declarations.
src/modules/auth/auth.service.ts(87,43): error TS2769: No overload matches this call.
  Overload 1 of 3, '(payload: string, options?: Omit<JwtSignOptions, keyof SignOptions> | undefined): string', gave the following error.
    Argument of type '{ sub: string; email: string; roles: string[]; }' is not assignable to parameter of type 'string'.
  Overload 2 of 3, '(payload: Buffer<ArrayBufferLike>, options?: JwtSignOptions | undefined): string', gave the following error.
    Argument of type '{ sub: string; email: string; roles: string[]; }' is not assignable to parameter of type 'Buffer<ArrayBufferLike>'.
      Type '{ sub: string; email: string; roles: string[]; }' is missing the following properties from type 'Buffer<ArrayBufferLike>': slice, subarray, write, toJSON, and 102 more.
  Overload 3 of 3, '(payload: { sub: string; email: string; roles: string[]; }, options?: JwtSignOptions | undefined): string', gave the following error.
    Type 'string | undefined' is not assignable to type 'number | StringValue | undefined'.
      Type 'string' is not assignable to type 'number | StringValue | undefined'.
src/modules/auth/auth.service.ts(102,9): error TS2322: Type 'User | null' is not assignable to type 'User'.
  Type 'null' is not assignable to type 'User'.
src/modules/notifications/notifications.service.ts(3,24): error TS2307: Cannot find module 'firebase-admin' or its corresponding type declarations.
src/modules/notifications/notifications.service.ts(20,30): error TS2345: Argument of type 'string | undefined' is not assignable to parameter of type 'string'.
  Type 'undefined' is not assignable to type 'string'.
